=~=~=~=~=~=~=~=~=~=~=~= PuTTY log 2023.05.05 12:20:50 =~=~=~=~=~=~=~=~=~=~=~=
       ping 2.2.2.2

Type escape sequence to abort.
Sending 5, 100-byte ICMP Echos to 2.2.2.2, timeout is 2 seconds:
!!!!!
Success rate is 100 percent (5/5), round-trip min/avg/max = 20/30/40 ms
R3# ping 2.2.2.2ping 192.168.0.2

Type escape sequence to abort.
Sending 5, 100-byte ICMP Echos to 192.168.0.2, timeout is 2 seconds:
!!!!!
Success rate is 100 percent (5/5), round-trip min/avg/max = 32/33/36 ms
R3#ping 192.168.0.2          0.0.0.1

Type escape sequence to abort.
Sending 5, 100-byte ICMP Echos to 10.0.0.1, timeout is 2 seconds:
.....
Success rate is 0 percent (0/5)
R3#1.1.1.1p1.1.1.1i1.1.1.1n1.1.1.1g1.1.1.1 1.1.1.1

Type escape sequence to abort.
Sending 5, 100-byte ICMP Echos to 1.1.1.1, timeout is 2 seconds:
!!!!!
Success rate is 100 percent (5/5), round-trip min/avg/max = 60/68/92 ms
R3#do show ip route
    ^
% Invalid input detected at '^' marker.

R3#do show ip routedo show ip route  show ip route 
Codes: C - connected, S - static, R - RIP, M - mobile, B - BGP
       D - EIGRP, EX - EIGRP external, O - OSPF, IA - OSPF inter area 
       N1 - OSPF NSSA external type 1, N2 - OSPF NSSA external type 2
       E1 - OSPF external type 1, E2 - OSPF external type 2
       i - IS-IS, su - IS-IS summary, L1 - IS-IS level-1, L2 - IS-IS level-2
       ia - IS-IS inter area, * - candidate default, U - per-user static route
       o - ODR, P - periodic downloaded static route

Gateway of last resort is not set

     1.0.0.0/32 is subnetted, 1 subnets
O E2    1.1.1.1 [110/1] via 192.168.0.2, 00:29:21, GigabitEthernet0/0
     2.0.0.0/32 is subnetted, 1 subnets
O       2.2.2.2 [110/2] via 192.168.0.2, 00:29:32, GigabitEthernet0/0
     3.0.0.0/32 is subnetted, 1 subnets
C       3.3.3.3 is directly connected, Loopback0
     4.0.0.0/32 is subnetted, 1 subnets
O E2    4.4.4.4 [110/1] via 192.168.0.2, 00:29:21, GigabitEthernet0/0
C    192.168.0.0/24 is directly connected, GigabitEthernet0/0
O E2 192.168.1.0/24 [110/1] via 192.168.0.2, 00:29:21, GigabitEthernet0/0
R3#ping 1.1.1.1

Type escape sequence to abort.
Sending 5, 100-byte ICMP Echos to 1.1.1.1, timeout is 2 seconds:
!!!!!
Success rate is 100 percent (5/5), round-trip min/avg/max = 56/65/96 ms
R3#ping 4.4.4.4

Type escape sequence to abort.
Sending 5, 100-byte ICMP Echos to 4.4.4.4, timeout is 2 seconds:
!!!!!
Success rate is 100 percent (5/5), round-trip min/avg/max = 88/93/100 ms
R3#ping 192.168.1.4

Type escape sequence to abort.
Sending 5, 100-byte ICMP Echos to 192.168.1.4, timeout is 2 seconds:
!!!!!
Success rate is 100 percent (5/5), round-trip min/avg/max = 64/91/104 ms
R3#do sho  w u ip route
    ^
% Invalid input detected at '^' marker.

R3#do show ip routeshow ip route show ip route show ip route 
Codes: C - connected, S - static, R - RIP, M - mobile, B - BGP
       D - EIGRP, EX - EIGRP external, O - OSPF, IA - OSPF inter area 
       N1 - OSPF NSSA external type 1, N2 - OSPF NSSA external type 2
       E1 - OSPF external type 1, E2 - OSPF external type 2
       i - IS-IS, su - IS-IS summary, L1 - IS-IS level-1, L2 - IS-IS level-2
       ia - IS-IS inter area, * - candidate default, U - per-user static route
       o - ODR, P - periodic downloaded static route

Gateway of last resort is not set

     1.0.0.0/32 is subnetted, 1 subnets
O E2    1.1.1.1 [110/1] via 192.168.0.2, 00:44:57, GigabitEthernet0/0
     2.0.0.0/32 is subnetted, 1 subnets
O       2.2.2.2 [110/2] via 192.168.0.2, 00:45:08, GigabitEthernet0/0
     3.0.0.0/32 is subnetted, 1 subnets
C       3.3.3.3 is directly connected, Loopback0
     4.0.0.0/32 is subnetted, 1 subnets
O E2    4.4.4.4 [110/1] via 192.168.0.2, 00:44:57, GigabitEthernet0/0
C    192.168.0.0/24 is directly connected, GigabitEthernet0/0
O E2 192.168.1.0/24 [110/1] via 192.168.0.2, 00:44:57, GigabitEthernet0/0
R3#show ip route
Codes: C - connected, S - static, R - RIP, M - mobile, B - BGP
       D - EIGRP, EX - EIGRP external, O - OSPF, IA - OSPF inter area 
       N1 - OSPF NSSA external type 1, N2 - OSPF NSSA external type 2
       E1 - OSPF external type 1, E2 - OSPF external type 2
       i - IS-IS, su - IS-IS summary, L1 - IS-IS level-1, L2 - IS-IS level-2
       ia - IS-IS inter area, * - candidate default, U - per-user static route
       o - ODR, P - periodic downloaded static route

Gateway of last resort is not set

     1.0.0.0/32 is subnetted, 1 subnets
O E2    1.1.1.1 [110/1] via 192.168.0.2, 00:46:33, GigabitEthernet0/0
     2.0.0.0/32 is subnetted, 1 subnets
O       2.2.2.2 [110/2] via 192.168.0.2, 00:46:44, GigabitEthernet0/0
     3.0.0.0/32 is subnetted, 1 subnets
C       3.3.3.3 is directly connected, Loopback0
     4.0.0.0/32 is subnetted, 1 subnets
O E2    4.4.4.4 [110/1] via 192.168.0.2, 00:46:33, GigabitEthernet0/0
C    192.168.0.0/24 is directly connected, GigabitEthernet0/0
O E2 192.168.1.0/24 [110/1] via 192.168.0.2, 00:46:33, GigabitEthernet0/0
R3#show running[
               ^
% Invalid input detected at '^' marker.

R3#show running[ 
Building configuration...

Current configuration : 1159 bytes
!
upgrade fpd auto
version 12.4
service timestamps debug datetime msec
service timestamps log datetime msec
no service password-encryption
!
hostname R3
!
boot-start-marker
boot-end-marker
!
logging message-counter syslog
!
no aaa new-model
ip source-route
no ip icmp rate-limit unreachable
ip cef
!
!
!
 --More--         !
 --More--         no ip domain lookup
 --More--         no ipv6 cef
 --More--         !
 --More--         multilink bundle-name authenticated
 --More--         !
 --More--         !
 --More--         !
 --More--         !
 --More--         !
 --More--         !
 --More--         !
 --More--         !
 --More--         !
 --More--         !
 --More--         !
 --More--         !
 --More--         !
 --More--         !
 --More--         !
 --More--         !
 --More--         archive
 --More--          log config
 --More--           hidekeys
 --More--         ! 
 --More--         !
 --More--         !
 --More--         !
 --More--         !
 --More--         ip tcp synwait-time 5
 --More--         !
 --More--         !
 --More--         !
 --More--         !
 --More--         interface Loopback0
 --More--          ip address 3.3.3.3 255.255.255.255
 --More--          ip ospf 1 area 1
 --More--         !
 --More--         interface Ethernet0/0
 --More--          no ip address
 --More--          shutdown
 --More--          duplex auto
 --More--         !
 --More--         interface GigabitEthernet0/0
 --More--          ip address 192.168.0.3 255.255.255.0
 --More--          ip ospf 1 area 1
 --More--          duplex full
 --More--          speed 1000
 --More--          media-type gbic
 --More--          negotiation auto
 --More--         !
 --More--         router ospf 1
 --More--          log-adjacency-changes
 --More--         !
 --More--         ip forward-protocol nd
 --More--         no ip http server
 --More--         no ip http secure-server
 --More--         !
 --More--         !
 --More--         !
 --More--         no cdp log mismatch duplex
 --More--         !
 --More--         !
 --More--         !
 --More--         !
 --More--         !
 --More--         !
 --More--         control-plane
 --More--         !
 --More--         !
 --More--         !
 --More--         !
 --More--         !
 --More--         !
 --More--         !
 --More--         gatekeeper
 --More--          shutdown
 --More--         !
 --More--         !
 --More--         line con 0
 --More--          exec-timeout 0 0
 --More--          privilege level 15
 --More--          logging synchronous
 --More--          stopbits 1
 --More--         line aux 0
 --More--          exec-timeout 0 0
 --More--          privilege level 15
 --More--          logging synchronous
 --More--          stopbits 1
 --More--         line vty 0 4
 --More--          login
 --More--         !
 --More--         end
 --More--         
R3#
R3#
R3#
R3#
R3#
R3#
R3#
R3#
R3#
R3#wr mem
Building configuration...
[OK]
R3#